I'm sorry, but errors were detected in your script. Please correct the
errors listed below, and try again.


File "game/script.rpy", line 151: end of line expected.
    with fade 1.0
              ^

Ren'Py Version: Ren'Py 8.0.3.22090809
Fri Mar 17 02:50:47 2023
